Script started on Tue 02 Dec 2014 05:06:13 PM PST
bash: .profile: No such file or directory
]0;user@userland: ~/proj/ucr-cs100/lectureuser@userland:~/proj/ucr-cs100/lecture$ [18P(reverse-i-search)`':[Ce': exit[1@x[C[C[Cp': ./hlearn-allknn --data-format=PLG -r datasets/graphh/pdb --train-monoid --verbose --expansionratio=2.0 +RTS -p -s[A[19Po': export x='() { :;}; echo vuln'
[K[A[C[C[C[C[C[C[C[C[C[C[C[C[C[C[C[C[C[C[C[C[C[C[C[C[C[C[1@r[C[C[C[1@t[C[C[C[C[C[C[C[C[C[K[C[C[C[C[C[C poop=test[C[C[C[C[C[C[K[C[C[C[C[C[C PS1="$ "]0;user@userland: ~/proj/ucr-cs100/lectureuser@userland:~/proj/ucr-cs100/lecture$ export PS1="$ "
$ clear
[H[2J$ pwd
/home/user/proj/ucr-cs100/lecture
$ [K$ [K$ [K$ [K$ [K$ [K$ [K$ [K$ [K$ [K$ [K$ [K$ [K$ [K$ [K$ [K$ [K$ [K$ [K$ [K$ [K$ [K$  [K[A$ [K$ [K$ [K$ [K$ [K$ [K$ [K$ [K$ [K$ [K$ [K$ [K$ [K$ traceroute google.cn[K$ traceroute google.cn[K$ traceroute google.cn[K$ traceroute google.cn[K$ traceroute google.cn^C
$ clear
[H[2J$ clear[C[C[2Ppwdclear[C[C[Ktraceroute google.cn
traceroute to google.cn (173.194.79.160), 30 hops max, 60 byte packets
 1  c-some-2-v302.ucr.edu (169.235.212.1)  3.545 ms  3.527 ms  3.518 ms
 2  c-some-1-t13-8.ucr.edu (138.23.3.81)  28.195 ms  30.440 ms  30.432 ms
 3  xmr-telecom-1--te1-2.ucr.edu (138.23.3.89)  3.442 ms  3.432 ms  6.171 ms
 4  dc-riv-agg1--ucr-10ge.cenic.net (137.164.50.69)  6.164 ms  8.331 ms  8.321 ms
 5  dc-lax-agg6--riv-agg4-100ge.cenic.net (137.164.11.2)  10.785 ms  10.780 ms  10.771 ms
 6  dc-svl-agg4--lax-agg6-100ge.cenic.net (137.164.11.1)  16.581 ms  17.777 ms  17.765 ms
 7  72.14.205.134 (72.14.205.134)  17.759 ms 72.14.242.90 (72.14.242.90)  17.758 ms  17.752 ms
 8  216.239.49.250 (216.239.49.250)  21.638 ms 209.85.240.114 (209.85.240.114)  21.118 ms  21.118 ms
 9  209.85.250.63 (209.85.250.63)  21.136 ms 209.85.246.253 (209.85.246.253)  37.631 ms 209.85.250.60 (209.85.250.60)  21.086 ms
10  216.239.49.198 (216.239.49.198)  37.575 ms  36.267 ms 72.14.232.63 (72.14.232.63)  33.488 ms
11  72.14.233.200 (72.14.233.200)  58.327 ms 72.14.233.202 (72.14.233.202)  58.329 ms 216.239.50.189 (216.239.50.189)  58.289 ms
12  216.239.48.165 (216.239.48.165)  58.287 ms 216.239.46.175 (216.239.46.175)  58.301 ms 216.239.46.195 (216.239.46.195)  58.277 ms
13  * * *
14  pb-in-f160.1e100.net (173.194.79.160)  58.242 ms  58.245 ms  58.223 ms
$ [K$ [K$ [K$ [K$ [K$ [K$ [K$ [K$ clear
[H[2J$ [K$ [K$ [K$ [K$ [K$ [K$ [K$ [K$ [K$ [K$ [K$ [K$ [K$ [K$ [K$ [K$ [K$ [K$ [K$ [K$ nc 127.0.0.1 70[K[K8080
asd
qqq
$ nc localhost 8080
asd
^C
$ nc localhost 8080[C[C[K[K$ pwd
/home/user/proj/ucr-cs100/lecture
$ vim http.sh
[?1049h[?1h=[1;13r[?12;25h[?12l[?25h[27m[m[H[2J[?25l[13;1H<ttp.sh" [New File][>c[1;1H[33m  1 [m
[1m[34m~                                     [3;1H~                                     [4;1H~                                     [5;1H~                                     [6;1H~                                     [7;1H~                                     [8;1H~                                     [9;1H~                                     [10;1H~                                     [11;1H~                                     [12;1H~                                     [m[13;21H0,0-1[9CAll]2;http.sh (~/pr...0/lecture) - VIM]1;http.sh[1;5H[?12l[?25hP+q436f\P+q6b75\P+q6b64\P+q6b72\P+q6b6c\P+q2332\P+q2334\P+q2569\P+q2a37\P+q6b31\[?25l[13;1H[1m-- INSERT --[m[13;13H[K[13;21H0,1[11CAll[1;5H[?12l[?25h[?25l[33m [m[34m#[m[13;21H1,2]2;http.sh + (~/...0/lecture) - VIM]1;http.sh[1;6H[?12l[?25h[?25l[34m#![m[13;23H3[1;7H[?12l[?25h[?25l[34m!/[m[13;23H4[1;8H[?12l[?25h[?25l[34m/b[m[13;23H5[1;9H[?12l[?25h[?25l[34mbi[m[13;23H6[1;10H[?12l[?25h[?25l[34min[m[13;23H7[1;11H[?12l[?25h[?25l[34mn/[m[13;23H8[1;12H[?12l[?25h[?25l[34m/b[m[13;23H9[1;13H[?12l[?25h[?25l[34mba[m[13;23H10[1;14H[?12l[?25h[?25l[34mas[m[13;24H1[1;15H[?12l[?25h[?25l[34msh[m[13;24H2[1;16H[?12l[?25h[?25l
[33m  2 [m[2;5H[K[13;21H2,1 [2;5H[?12l[?25h[?25l
[33m  3 [m[3;5H[K[13;21H3[3;5H[?12l[?25h[?25l[13;21H2[2;5H[?12l[?25h[?25l[13;21H1[1;5H[?12l[?25h[?25l[13;24H2[1;16H[?12l[?25h[?25l[1;15H[K[13;24H1[1;15H[?12l[?25h[?25l[1;14H[K[13;24H0[1;14H[?12l[?25h[?25l[1;13H[K[13;23H9 [1;13H[?12l[?25h[?25l[1;12H[K[13;23H8[1;12H[?12l[?25h[?25l[34m/p[m[13;23H9[1;13H[?12l[?25h[?25l[34mpy[m[13;23H10[1;14H[?12l[?25h[?25l[34myt[m[13;24H1[1;15H[?12l[?25h[?25l[34mth[m[13;24H2[1;16H[?12l[?25h[?25l[34mho[m[13;24H3[1;17H[?12l[?25h[?25l[34mon[m[13;24H4[1;18H[?12l[?25h[?25l[1;17H[K[13;24H3[1;17H[?12l[?25h[?25l[1;16H[K[13;24H2[1;16H[?12l[?25h[?25l[1;15H[K[13;24H1[1;15H[?12l[?25h[?25l[1;14H[K[13;24H0[1;14H[?12l[?25h[?25l[1;13H[K[13;23H9 [1;13H[?12l[?25h[?25l[1;12H[K[13;23H8[1;12H[?12l[?25h[?25l[34m/c[m[13;23H9[1;13H[?12l[?25h[?25l[34mca[m[13;23H10[1;14H[?12l[?25h[?25l[34mat[m[13;24H1[1;15H[?12l[?25h[?25l[1;14H[K[13;24H0[1;14H[?12l[?25h[?25l[1;13H[K[13;23H9 [1;13H[?12l[?25h[?25l[1;12H[K[13;23H8[1;12H[?12l[?25h[?25l[34m/l[m[13;23H9[1;13H[?12l[?25h[?25l[34mls[m[13;23H10[1;14H[?12l[?25h[?25l[1;13H[K[13;23H9 [1;13H[?12l[?25h[?25l[1;12H[K[13;23H8[1;12H[?12l[?25h[?25l[34m/b[m[13;23H9[1;13H[?12l[?25h[?25l[34mba[m[13;23H10[1;14H[?12l[?25h[?25l[34mas[m[13;24H1[1;15H[?12l[?25h[?25l[34msh[m[13;24H2[1;16H[?12l[?25h[?25l[13;21H2,1 [2;5H[?12l[?25h[?25l[13;21H3[3;5H[?12l[?25h[?25l[33m [mr[13;23H2[3;6H[?12l[?25h[?25lre[13;23H3[3;7H[?12l[?25h[?25lea[13;23H4[3;8H[?12l[?25h[?25l[33mread[m[13;23H5[3;9H[?12l[?25h[?25l[13;23H6[3;10H[?12l[?25h[?25l a[13;23H7[3;11H[?12l[?25h[?25l[13;23H8[3;12H[?12l[?25h[?25l b[13;23H9[3;13H[?12l[?25h[?25l[13;23H10[3;14H[?12l[?25h[?25l c[13;24H1[3;15H[?12l[?25h[?25l
[33m  4 [m[4;5H[K[13;21H4,1 [4;5H[?12l[?25h[?25l[33m [m[34m#[m[13;23H2[4;6H[?12l[?25h[?25l[34m [m[13;23H3[4;7H[?12l[?25h[?25l[34m c[m[13;23H4[4;8H[?12l[?25h[?25l[34mci[m[13;23H5[4;9H[?12l[?25h[?25l[34min[m[13;23H6[4;10H[?12l[?25h[?25l[4m[34mcin[m[34m [m[13;23H7[4;11H[?12l[?25h[?25l[34m >[m[13;23H8[4;12H[?12l[?25h[?25l[34m>>[m[13;23H9[4;13H[?12l[?25h[?25l[34m [m[13;23H10[4;14H[?12l[?25h[?25l[34m a[m[13;24H1[4;15H[?12l[?25h[?25l[34m [m[13;24H2[4;16H[?12l[?25h[?25l[34m >[m[13;24H3[4;17H[?12l[?25h[?25l[34m>>[m[13;24H4[4;18H[?12l[?25h[?25l[34m [m[13;24H5[4;19H[?12l[?25h[?25l[34m b[m[13;24H6[4;20H[?12l[?25h[?25l[4m[34mb[m[34m [m[13;24H7[4;21H[?12l[?25h[?25l[34m >[m[13;24H8[4;22H[?12l[?25h[?25l[34m>>[m[13;24H9[4;23H[?12l[?25h[?25l[34m [m[13;23H20[4;24H[?12l[?25h[?25l[34m c[m[13;24H1[4;25H[?12l[?25h[?25l[4m[34mc[m[13;21H3,1[3;15H[?12l[?25h[?25l[13;21H4,2[4;25H[?12l[?25h[?25l
[33m  5 [m[5;5H[K[13;21H5,1 [5;5H[?12l[?25h[?25l
[33m  6 [m[6;5H[K[13;21H6[6;5H[?12l[?25h[?25l[33m [me[13;23H2[6;6H[?12l[?25h[?25lec[13;23H3[6;7H[?12l[?25h[?25lch[13;23H4[6;8H[?12l[?25h[?25l[33mecho[m[13;23H5[6;9H[?12l[?25h[?25l[31m [m[13;23H6[6;10H[?12l[?25h[?25l[31m [m[33m"[m[13;23H7[6;11H[?12l[?25h[?25l[33m"[m[31ma[m[13;23H8[6;12H[?12l[?25h[?25l[31ma=[m[13;23H9[6;13H[?12l[?25h[?25l[31m=$[m[13;23H10[6;14H[?12l[?25h[?25l[35m$a[m[13;24H1[6;15H[?12l[?25h[?25l[35ma[m[33m"[m[13;24H2[6;16H[?12l[?25h[13;1H[K[6;15H[?25l[13;21H6,11[10CAll[6;15H[?12l[?25h[?25l
[33m  7 echo[m[31m [m[33m"[m[31ma=[m[35m$a[m[33m"[m[7;16H[K[13;21H7,1 [7;5H[?12l[?25h[?25l
[33m  8 echo[m[31m [m[33m"[m[31ma=[m[35m$a[m[33m"[m[8;16H[K[13;21H8[8;5H[?12l[?25h[?25l[13;24H1[8;15H[?12l[?25h[?25l[13;24H0[8;14H[?12l[?25h[?25l[35m$c[?12l[?25h[?25l[m[13;21H7[7;14H[?12l[?25h[?25l[35m$b[?12l[?25h[?25l[m[13;23H6 [7;10H[?12l[?25h[?25l[13;23H7[7;11H[?12l[?25h[?25l[33m"[m[4m[31mb[?12l[?25h[?25l[m[13;21H8[8;11H[?12l[?25h[?25l[33m"[m[4m[31mc[?12l[?25h[?25l[m[13;21H[K[13;1H:[?12l[?25hw[?25l[?12l[?25h[?25l"http.sh"<w] 8L, 82C written 8,7[11CAll]2;http.sh (~/pr...0/lecture) - VIM]1;http.sh[13;21H[K[13;21H8,7[11CAll[8;11H[?12l[?25h[?25l[13;21H7[7;11H[?12l[?25h[?25l[13;21H6[6;11H[?12l[?25h[?25l[13;21H7[7;11H[?12l[?25h[?25l[13;21H8[8;11H[?12l[?25h[?25l[13;21H7[7;11H[?12l[?25h[?25l[13;21H6[6;11H[?12l[?25h[?25l[6;4H[33m [m[34m#echo "a=$a"]2;http.sh + (~/...0/lecture) - VIM]1;http.sh[m[13;21H7,1[7;5H[?12l[?25h[?25l[33m [m[34m#echo "[m[4m[34mb[m[34m=$[m[4m[34mb[m[34m"[m[13;21H8[8;5H[?12l[?25h[?25l[33m [m[34m#echo "[m[4m[34mc[m[34m=$[m[4m[34mc[m[34m"[8;5H[?12l[?25h[?25l[m[13;21H7[7;5H[?12l[?25h[?25l[13;21H6[6;5H[?12l[?25h[?25l[13;21H5,0-1[5;5H[?12l[?25h[?25l[13;21H4,1  [4;5H[?12l[?25h[?25l[13;21H5,0-1[5;5H[?12l[?25h[?25l[13;1H[1m-- INSERT --[m[13;13H[K[13;21H6,1[11CTop[6;5H[K[7;11H[34m"a=$a[8;11H"[m[4m[34mb[m[1C[34m$[m[4m[34mb[m
[33m  9 [m[34m#echo "[m[4m[34mc[m[34m=$[m[4m[34mc[m[34m"[m[9;17H[K[6;5H[?12l[?25h[?25l[13;21H5[13CAll[5;5H[?12l[?25h[?25l[7;5H[K[8;11H[34m"a=$a[9;11H"[m[4m[34mb[m[1C[34m$[m[4m[34mb[m
[33m 10 [m[34m#echo "[m[4m[34mc[m[34m=$[m[4m[34mc[m[34m"[m[10;17H[K[13;21H6[6;5H[?12l[?25h[?25l[33m [me[13;23H2[6;6H[?12l[?25h[?25lec[13;23H3[6;7H[?12l[?25h[?25lch[13;23H4[6;8H[?12l[?25h[?25l[33mecho[m[13;23H5[6;9H[?12l[?25h[?25l[31m [m[13;23H6[6;10H[?12l[?25h[?25l[31m [m[33m"[m[8;5H[31m#echo [m[33m"[m[31ma=[m[35m$a[m[33m"[m[9;5H[31m#echo [m[33m"[m[31mb=[m[35m$b[m[33m"[m[10;5H[31m#echo [m[33m"[m[31mc=[m[35m$c[m[33m"[m[13;23H7[6;11H[?12l[?25h[?25l[33m"[m[31mt[m[13;23H8[6;12H[?12l[?25h[?25l[31mte[m[13;23H9[6;13H[?12l[?25h[?25l[31mes[m[13;23H10[6;14H[?12l[?25h[?25l[31mst[m[13;24H1[6;15H[?12l[?25h[?25l[31mt[m[33m"[m[8;5H[34m#echo "a=$a"[9;5H#echo "[m[4m[34mb[m[34m=$[m[4m[34mb[m[34m"[10;5H#echo "[m[4m[34mc[m[34m=$[m[4m[34mc[m[34m"[m[13;24H2[6;16H[?12l[?25h[13;1H[K[6;15H[?25l[13;21H6,11[10CAll[6;15H[?12l[?25h[?25l[13;21H[K[13;1H:[?12l[?25hw[?25l[?12l[?25h[?25l"http.sh"<" 10L, 98C written 6,11[10CAll]2;http.sh (~/pr...0/lecture) - VIM]1;http.sh[13;21H[K[13;21H6,11[10CAll[6;15H[?12l[?25h[27m[m[H[2J[?25l[1;1H[33m  1 [m[34m#!/bin/bash[m
[33m  2 
  3 read[m a b c
[33m  4 [m[34m# [m[4m[34mcin[m[34m >> a >> [m[4m[34mb[m[34m >> [m[4m[34mc[m
[33m  5 
  6 echo[m[31m [m[33m"[m[31mtest[m[33m"
  7 
  8 [m[34m#echo "a=$a"[m
[33m  9 [m[34m#echo "[m[4m[34mb[m[34m=$[m[4m[34mb[m[34m"[m
[33m 10 [m[34m#echo "[m[4m[34mc[m[34m=$[m[4m[34mc[m[34m"[m
[1m[34m~                                     [12;1H~                                     [13;1H~                                     [14;1H~                                     [15;1H~                                     [16;1H~                                     [17;1H~                                     [18;1H~                                     [19;1H~                                     [20;1H~                                     [21;1H~                                     [22;1H~                                     [23;1H~                                     [24;1H~                                     [25;1H~                   